// Jest Snapshot v1, https://goo.gl/fbAQLP

exports[`should render input and button for stats 1`] = `
<div>
  <section
    class="stat-controls"
  >
    <input
      aria-label="catchphrase-input"
      data-testid="catchphrase-input"
      id="catchphrase"
      name="catchphrase"
      type="text"
      value=""
    />
    <label
      for="catchphrase"
    />
    <button
      type="button"
    >
      Submit
    </button>
  </section>
</div>
`;
