// Jest Snapshot v1, https://goo.gl/fbAQLP

exports[`should render unordered list of catchphrases 1`] = `
<div>
  <div>
    <ul
      aria-label="catch-list"
    >
      Catchphrases
    </ul>
    <li
      data-testid="list-items"
    >
      "
      hello
      "
    </li>
    <li
      data-testid="list-items"
    >
      "
      goodbye
      "
    </li>
  </div>
</div>
`;
