// Jest Snapshot v1, https://goo.gl/fbAQLP

exports[`should render container with all presentational components 1`] = `
<div>
  <main>
    <section
      class="image-controls"
    >
      <div>
        <label
          for="head"
        >
          Head
        </label>
        <select
          id="head"
          name="head"
        >
          <option>
            dog
          </option>
          <option>
            dog-2
          </option>
          <option>
            dog-3
          </option>
          <option>
            duck
          </option>
          <option>
            horse
          </option>
          <option>
            cat
          </option>
        </select>
      </div>
      <div>
        <label
          for="torso"
        >
          Torso
        </label>
        <select
          id="torso"
          name="torso"
        >
          <option>
            leather
          </option>
          <option>
            suit
          </option>
          <option>
            pink
          </option>
        </select>
      </div>
      <div>
        <label
          for="torso"
        >
          Bottom
        </label>
        <select
          id="bottom"
          name="bottom"
        >
          <option>
            jeans
          </option>
          <option>
            white
          </option>
          <option>
            blue
          </option>
        </select>
      </div>
    </section>
    <section
      class="image-section"
    >
      <figure
        aria-label="head"
        class="head-image"
        data-testid="head"
        style="background-image: url(./dog-head.png);"
        value="dog"
      />
      <figure
        aria-label="torso"
        class="torso-image"
        data-testid="torso"
        style="background-image: url(./leather-torso.png);"
        value="leather"
      />
      <figure
        aria-label="bottom"
        class="bottom-image"
        data-testid="bottom"
        style="background-image: url(./jeans-bottom.png);"
        value="jeans"
      />
    </section>
    <section
      class="stat-controls"
    >
      <input
        aria-label="catchphrase-input"
        data-testid="catchphrase-input"
        id="catchphrase"
        name="catchphrase"
        type="text"
        value=""
      />
      <label
        for="catchphrase"
      />
      <button
        type="button"
      >
        Submit
      </button>
    </section>
    <div>
      <p
        aria-label="change-count"
      >
        The head of your charachter has been updated 
        0
         times, the torso updated 
        0
        , and the legs updated 
        0
         times.
      </p>
      <ul
        aria-label="catch-list"
      >
        Catchphrases
      </ul>
    </div>
  </main>
</div>
`;
