// Jest Snapshot v1, https://goo.gl/fbAQLP

exports[`should render container with all presentational components 1`] = `
<div>
  <main>
    <section
      class="controls"
    >
      <section
        class="image-controls"
      >
        <div
          class="head-control"
        >
          <label
            class="head-label"
            for="head"
          >
            Head
          </label>
          <select
            id="head"
            name="head"
          >
            <option>
              dog
            </option>
            <option>
              dog-2
            </option>
            <option>
              dog-3
            </option>
            <option>
              dog-4
            </option>
            <option>
              dog-5
            </option>
            <option>
              horse
            </option>
            <option>
              cat
            </option>
            <option>
              cat-2
            </option>
            <option>
              cat-3
            </option>
          </select>
        </div>
        <div
          class="torso-control"
        >
          <label
            for="torso"
          >
            Torso
          </label>
          <select
            id="torso"
            name="torso"
          >
            <option>
              leather
            </option>
            <option>
              suit
            </option>
            <option>
              gray
            </option>
            <option>
              firefighter
            </option>
            <option>
              straight
            </option>
          </select>
        </div>
        <div
          class="bottom-control"
        >
          <label
            for="torso"
          >
            Bottom
          </label>
          <select
            id="bottom"
            name="bottom"
          >
            <option>
              jeans
            </option>
            <option>
              splatter
            </option>
            <option>
              sweat
            </option>
            <option>
              jort
            </option>
          </select>
        </div>
      </section>
      <section
        class="stat-controls"
      >
        <h1>
          Add Catchphrase
        </h1>
        <input
          aria-label="catchphrase-input"
          data-testid="catchphrase-input"
          id="catchphrase"
          name="catchphrase"
          type="text"
          value=""
        />
        <label
          for="catchphrase"
        />
        <button
          type="button"
        >
          Submit
        </button>
      </section>
    </section>
    <section
      class="image-section"
    >
      <figure
        aria-label="head"
        class="head-image"
        data-testid="head"
        style="background-image: url(./dog-head.png);"
        value="dog"
      />
      <figure
        aria-label="torso"
        class="torso-image"
        data-testid="torso"
        style="background-image: url(./leather-torso.png);"
        value="leather"
      />
      <figure
        aria-label="bottom"
        class="bottom-image"
        data-testid="bottom"
        style="background-image: url(./jeans-bottom.png);"
        value="jeans"
      />
    </section>
    <section
      class="catchphrase-list"
    >
      <p
        aria-label="change-count"
      >
        The head of your charachter has been updated 
        0
         times, the torso updated 
        0
        , and the legs updated 
        0
         times.
      </p>
      <ul
        aria-label="catch-list"
      >
        Catchphrases
      </ul>
    </section>
  </main>
</div>
`;
