// Jest Snapshot v1, https://goo.gl/fbAQLP

exports[`should render picker component 1`] = `
<div>
  <section
    class="image-controls"
  >
    <div
      class="head-control"
    >
      <label
        class="head-label"
        for="head"
      >
        Head
      </label>
      <select
        class="select"
        id="head"
        name="head"
      >
        <option>
          dog
        </option>
        <option>
          dog-2
        </option>
        <option>
          dog-3
        </option>
        <option>
          dog-4
        </option>
        <option>
          dog-5
        </option>
        <option>
          horse
        </option>
        <option>
          cat
        </option>
        <option>
          cat-2
        </option>
        <option>
          cat-3
        </option>
      </select>
    </div>
    <div
      class="torso-control"
    >
      <label
        for="torso"
      >
        Torso
      </label>
      <select
        class="select"
        id="torso"
        name="torso"
      >
        <option>
          leather
        </option>
        <option>
          suit
        </option>
        <option>
          gray
        </option>
        <option>
          firefighter
        </option>
        <option>
          straight
        </option>
      </select>
    </div>
    <div
      class="bottom-control"
    >
      <label
        for="torso"
      >
        Bottom
      </label>
      <select
        class="select"
        id="bottom"
        name="bottom"
      >
        <option>
          jeans
        </option>
        <option>
          splatter
        </option>
        <option>
          sweat
        </option>
        <option>
          jort
        </option>
      </select>
    </div>
  </section>
</div>
`;
