// Jest Snapshot v1, https://goo.gl/fbAQLP

exports[`should render picker component 1`] = `
<div>
  <section
    class="image-controls"
  >
    <div>
      <label
        for="head"
      >
        Head
      </label>
      <select
        id="head"
        name="head"
      >
        <option>
          dog
        </option>
        <option>
          dog-2
        </option>
        <option>
          dog-3
        </option>
        <option>
          duck
        </option>
        <option>
          horse
        </option>
        <option>
          cat
        </option>
      </select>
    </div>
    <div>
      <label
        for="torso"
      >
        Torso
      </label>
      <select
        id="torso"
        name="torso"
      >
        <option>
          leather
        </option>
        <option>
          suit
        </option>
        <option>
          pink
        </option>
      </select>
    </div>
    <div>
      <label
        for="torso"
      >
        Bottom
      </label>
      <select
        id="bottom"
        name="bottom"
      >
        <option>
          jeans
        </option>
        <option>
          white
        </option>
        <option>
          blue
        </option>
      </select>
    </div>
  </section>
</div>
`;
